../Core/Src/main.c:91:5:main	40	static
../Core/Src/main.c:223:6:SystemClock_Config	80	static
../Core/Src/main.c:264:13:MX_ADC_Init	24	static
../Core/Src/main.c:318:13:MX_TIM3_Init	64	static
../Core/Src/main.c:377:13:MX_USART2_UART_Init	8	static
../Core/Src/main.c:410:13:MX_DMA_Init	16	static
../Core/Src/main.c:431:13:MX_GPIO_Init	56	static
../Core/Src/main.c:479:6:EXTI0_1_IRQHandler	8	static
../Core/Src/main.c:498:10:pollADC	16	static
../Core/Src/main.c:515:6:Error_Handler	8	static,ignoring_inline_asm
